// Jest Snapshot v1, https://goo.gl/fbAQLP

exports[`should render HeroForm without error 1`] = `
<form
  onSubmit={[Function]}
>
  <button
    className="MuiButtonBase-root MuiIconButton-root"
    disabled={false}
    onBlur={[Function]}
    onClick={[Function]}
    onDragLeave={[Function]}
    onFocus={[Function]}
    onKeyDown={[Function]}
    onKeyUp={[Function]}
    onMouseDown={[Function]}
    onMouseLeave={[Function]}
    onMouseUp={[Function]}
    onTouchEnd={[Function]}
    onTouchMove={[Function]}
    onTouchStart={[Function]}
    tabIndex={0}
    type="button"
  >
    <span
      className="MuiIconButton-label"
    >
      <svg
        aria-hidden="true"
        className="MuiSvgIcon-root"
        focusable="false"
        role="presentation"
        viewBox="0 0 24 24"
      >
        <path
          d="M20 11H7.83l5.59-5.59L12 4l-8 8 8 8 1.41-1.41L7.83 13H20v-2z"
        />
      </svg>
    </span>
  </button>
  <div
    className="sc-bwzfXH rBETs"
  >
    <img
      className="sc-ifAKCX gEGXBp"
      src="www.google.com.undefined"
    />
    <div
      className="sc-htpNat jcigDw"
    >
      <div
        className="sc-bxivhb hpFLOR"
      >
        <div
          className="MuiFormControl-root MuiTextField-root"
        >
          <label
            className="MuiFormLabel-root MuiInputLabel-root MuiInputLabel-formControl MuiInputLabel-animated MuiInputLabel-shrink MuiFormLabel-filled"
            data-shrink={true}
          >
            Name
          </label>
          <div
            className="MuiInputBase-root MuiInput-root MuiInput-underline MuiInputBase-formControl MuiInput-formControl"
            onClick={[Function]}
          >
            <input
              aria-invalid={false}
              className="MuiInputBase-input MuiInput-input"
              disabled={false}
              name="name"
              onBlur={[Function]}
              onChange={[Function]}
              onFocus={[Function]}
              required={false}
              style={
                Object {
                  "width": 250,
                }
              }
              type="text"
              value="Captain America"
            />
          </div>
        </div>
      </div>
      <div
        className="sc-bxivhb hpFLOR"
      >
        <div
          className="MuiFormControl-root MuiTextField-root"
        >
          <label
            className="MuiFormLabel-root MuiInputLabel-root MuiInputLabel-formControl MuiInputLabel-animated"
            data-shrink={false}
          >
            Description
          </label>
          <div
            className="MuiInputBase-root MuiInput-root MuiInput-underline MuiInputBase-formControl MuiInput-formControl"
            onClick={[Function]}
          >
            <input
              aria-invalid={false}
              className="MuiInputBase-input MuiInput-input"
              disabled={false}
              name="description"
              onBlur={[Function]}
              onChange={[Function]}
              onFocus={[Function]}
              required={false}
              style={
                Object {
                  "width": 250,
                }
              }
              type="text"
              value=""
            />
          </div>
        </div>
      </div>
      <div>
        <button
          className="MuiButtonBase-root MuiButton-root MuiButton-contained MuiButton-containedSecondary MuiButton-sizeSmall Mui-disabled Mui-disabled"
          disabled={true}
          onBlur={[Function]}
          onDragLeave={[Function]}
          onFocus={[Function]}
          onKeyDown={[Function]}
          onKeyUp={[Function]}
          onMouseDown={[Function]}
          onMouseLeave={[Function]}
          onMouseUp={[Function]}
          onTouchEnd={[Function]}
          onTouchMove={[Function]}
          onTouchStart={[Function]}
          tabIndex={-1}
          type="submit"
        >
          <span
            className="MuiButton-label"
          >
            Save
          </span>
        </button>
      </div>
    </div>
  </div>
  <ul
    className="MuiList-root MuiList-padding MuiList-subheader"
  >
    <div
      className="MuiListSubheader-root MuiListSubheader-sticky MuiListSubheader-gutters"
    >
      Movies/TV Shows
    </div>
    <li
      className="MuiListItem-root MuiListItem-gutters"
      disabled={false}
    >
      <div
        className="MuiListItemText-root"
      >
        <span
          className="MuiTypography-root MuiListItemText-primary MuiTypography-body1"
        >
          TV Show 1
        </span>
      </div>
    </li>
    <li
      className="MuiListItem-root MuiListItem-gutters"
      disabled={false}
    >
      <div
        className="MuiListItemText-root"
      >
        <span
          className="MuiTypography-root MuiListItemText-primary MuiTypography-body1"
        >
          TV Show 2
        </span>
      </div>
    </li>
  </ul>
</form>
`;
